@main {
  a: int = const 2;
  a: int = id a;
  print a;
}
