@main(a: int, b: int) {
  c: int = add a b;
  print c;
  print c;
}
