@main {
  c: int = const 2;
  print c;
  print c;
}
